#-----------------------------------------------------------
# Vivado v2025.2 (64-bit)
# SW Build 6299465 on Fri Nov 14 19:35:11 GMT 2025
# IP Build 6300035 on Fri Nov 14 10:48:45 MST 2025
# SharedData Build 6298862 on Thu Nov 13 04:50:51 MST 2025
# Start of session at: Fri Feb 27 16:06:27 2026
# Process ID         : 21408
# Current directory  : D:/gray2bin/gray2bin.runs/synth_1
# Command line       : vivado.exe -log top.vds -product Vivado -mode batch -messageDb vivado.pb -notrace -source top.tcl
# Log file           : D:/gray2bin/gray2bin.runs/synth_1/top.vds
# Journal file       : D:/gray2bin/gray2bin.runs/synth_1\vivado.jou
# Running On         : DESKTOP-K3KSV87
# Platform           : Windows Server 2016 or Windows 10
# Operating System   : 26200
# Processor Detail   : 12th Gen Intel(R) Core(TM) i5-1240P
# CPU Frequency      : 2112 MHz
# CPU Physical cores : 12
# CPU Logical cores  : 16
# Host memory        : 16849 MB
# Swap memory        : 4563 MB
# Total Virtual      : 21412 MB
# Available Virtual  : 7428 MB
#-----------------------------------------------------------
source top.tcl -notrace
