#-----------------------------------------------------------
# Vivado v2025.2 (64-bit)
# SW Build 6299465 on Fri Nov 14 19:35:11 GMT 2025
# IP Build 6300035 on Fri Nov 14 10:48:45 MST 2025
# SharedData Build 6298862 on Thu Nov 13 04:50:51 MST 2025
# Start of session at: Tue Mar 17 19:25:16 2026
# Process ID         : 25964
# Current directory  : D:/UART/UART.runs/impl_1
# Command line       : vivado.exe -log top_uart_rx.vdi -applog -product Vivado -messageDb vivado.pb -mode batch -source top_uart_rx.tcl -notrace
# Log file           : D:/UART/UART.runs/impl_1/top_uart_rx.vdi
# Journal file       : D:/UART/UART.runs/impl_1\vivado.jou
# Running On         : DESKTOP-K3KSV87
# Platform           : Windows Server 2016 or Windows 10
# Operating System   : 26200
# Processor Detail   : 12th Gen Intel(R) Core(TM) i5-1240P
# CPU Frequency      : 2112 MHz
# CPU Physical cores : 12
# CPU Logical cores  : 16
# Host memory        : 16849 MB
# Swap memory        : 7516 MB
# Total Virtual      : 24365 MB
# Available Virtual  : 5306 MB
#-----------------------------------------------------------
source top_uart_rx.tcl -notrace
